// Jest Snapshot v1, https://goo.gl/fbAQLP

exports[`VHButton.vue renders HREF button as A TAG 1`] = `<a href="https://vehiclehistory.com" class="VHButton VHButton--medium"><span class="VHButton-iconLeft"></span><span class="VHButton-label">Nuxt-link A TAG VHButton</span></a>`;

exports[`VHButton.vue renders NUXT button as A TAG 1`] = `<nuxt-link-stub to="https://vehiclehistory.com" type="button" class="VHButton VHButton--medium"><span class="VHButton-iconLeft"></span><span class="VHButton-label">Nuxt-link A TAG VHButton</span></nuxt-link-stub>`;

exports[`VHButton.vue renders default button 1`] = `<button class="VHButton VHButton--medium"><span class="VHButton-iconLeft"></span><span class="VHButton-label">Test VHButton</span></button>`;

exports[`VHButton.vue renders disabled button 1`] = `<button class="VHButton VHButton--disabled VHButton--medium"><span class="VHButton-iconLeft"></span><span class="VHButton-label">Primary VHButton</span></button>`;

exports[`VHButton.vue renders full width button 1`] = `<button class="VHButton VHButton--block VHButton--medium"><span class="VHButton-iconLeft"></span><span class="VHButton-label">Block VHButton</span></button>`;

exports[`VHButton.vue renders large button 1`] = `<button class="VHButton VHButton--large"><span class="VHButton-iconLeft"></span><span class="VHButton-label">Large VHButton</span></button>`;

exports[`VHButton.vue renders primary button 1`] = `<button class="VHButton VHButton--primary VHButton--medium"><span class="VHButton-iconLeft"></span><span class="VHButton-label">Primary VHButton</span></button>`;

exports[`VHButton.vue renders secondary button 1`] = `<button class="VHButton VHButton--secondary VHButton--medium"><span class="VHButton-iconLeft"></span><span class="VHButton-label">Secondary VHButton</span></button>`;

exports[`VHButton.vue renders small button 1`] = `<button class="VHButton VHButton--small"><span class="VHButton-iconLeft"></span><span class="VHButton-label">Small VHButton</span></button>`;

exports[`VHButton.vue renders text button 1`] = `<button class="VHButton VHButton--text VHButton--medium"><span class="VHButton-iconLeft"></span><span class="VHButton-label">Text VHButton</span></button>`;
