// Jest Snapshot v1, https://goo.gl/fbAQLP

exports[`VhSelect.vue renders default VhSelect 1`] = `
<div class="Form-field Form-field--medium Form-field--light Form-field--pristine"><label for="Test Name" class="Form-label">
    Test Label
  </label> <select id="Test Name" class="Form-input"></select>
  <p class="Form-message" style="display: none;">

  </p>
</div>
`;

exports[`VhSelect.vue renders modified VhSelect 1`] = `
<div class="Form-field Form-field--large Form-field--dark Form-field--dirty"><label for="Test Name" class="Form-label u-screenReaderOnly">
    Test Label
  </label> <select id="Test Name" disabled="disabled" class="Form-input">
    <option value="">

    </option>
  </select>
  <p class="Form-message">
    This is a test
  </p>
</div>
`;
