// Jest Snapshot v1, https://goo.gl/fbAQLP

exports[`VhAvatar.vue renders black avatar size large 1`] = `<div class="VhAvatar VhAvatar--large VhAvatar--blue"></div>`;

exports[`VhAvatar.vue renders default VhAvatar 1`] = `<div class="VhAvatar VhAvatar--medium VhAvatar--grey"></div>`;

exports[`VhAvatar.vue renders red avata size small 1`] = `<div class="VhAvatar VhAvatar--small VhAvatar--red"></div>`;
