// Jest Snapshot v1, https://goo.gl/fbAQLP

exports[`VhAccordion.vue renders default accordion 1`] = `<div class="VhAccordion"></div>`;

exports[`VhAccordion.vue renders multiple accordion 1`] = `<div class="VhAccordion" expandmode="single"></div>`;

exports[`VhAccordion.vue renders single accordion 1`] = `<div class="VhAccordion" expandmode="single"></div>`;
